#-----------------------------------------------------------
# Vivado v2019.1 (64-bit)
# SW Build 2552052 on Fri May 24 14:49:42 MDT 2019
# IP Build 2548770 on Fri May 24 18:01:18 MDT 2019
# Start of session at: Tue Dec  7 15:38:49 2021
# Process ID: 36916
# Current directory: C:/Users/Karloz/Desktop/计组实验/Verilog/singlecycleCPU
# Command line: vivado.exe -gui_launcher_event rodinguilauncherevent7184 C:\Users\Karloz\Desktop\计组实验\Verilog\singlecycleCPU\singlecycleCPU.xpr
# Log file: C:/Users/Karloz/Desktop/计组实验/Verilog/singlecycleCPU/vivado.log
# Journal file: C:/Users/Karloz/Desktop/计组实验/Verilog/singlecycleCPU\vivado.jou
#-----------------------------------------------------------
start_gui
open_project C:/Users/Karloz/Desktop/计组实验/Verilog/singlecycleCPU/singlecycleCPU.xpr
update_compile_order -fileset sources_1
launch_runs synth_1 -jobs 12
wait_on_run synth_1
reset_run synth_1
launch_runs synth_1 -jobs 12
wait_on_run synth_1
reset_run synth_1
launch_runs synth_1 -jobs 12
wait_on_run synth_1
launch_simulation
launch_simulation
source SingleCircleCPUTest.tcl
close_sim
