#-----------------------------------------------------------
# Vivado v2019.1 (64-bit)
# SW Build 2552052 on Fri May 24 14:49:42 MDT 2019
# IP Build 2548770 on Fri May 24 18:01:18 MDT 2019
# Start of session at: Tue Nov  2 18:53:07 2021
# Process ID: 9276
# Current directory: C:/Users/Karloz/Desktop/div
# Command line: vivado.exe -gui_launcher_event rodinguilauncherevent2144 C:\Users\Karloz\Desktop\div\div.xpr
# Log file: C:/Users/Karloz/Desktop/div/vivado.log
# Journal file: C:/Users/Karloz/Desktop/div\vivado.jou
#-----------------------------------------------------------
start_gui
open_project C:/Users/Karloz/Desktop/div/div.xpr
update_compile_order -fileset sources_1
reset_run synth_1
launch_runs synth_1 -jobs 12
wait_on_run synth_1
launch_simulation
source mul_test.tcl
close_sim
launch_simulation
source mul_test.tcl
close_sim
launch_simulation
source mul_test.tcl
close_sim
launch_simulation
source mul_test.tcl
close_sim
launch_simulation
source mul_test.tcl
close_sim
launch_simulation
source mul_test.tcl
reset_run synth_1
launch_runs synth_1 -jobs 12
wait_on_run synth_1
close_sim
launch_simulation
source mul_test.tcl
close_sim
