#-----------------------------------------------------------
# Webtalk v2019.1 (64-bit)
# SW Build 2552052 on Fri May 24 14:49:42 MDT 2019
# IP Build 2548770 on Fri May 24 18:01:18 MDT 2019
# Start of session at: Tue Dec  7 16:30:56 2021
# Process ID: 30100
# Current directory: C:/Users/Karloz/Desktop/计组实验/Verilog/singlecycleCPU/singlecycleCPU.sim/sim_1/behav/xsim
# Command line: wbtcv.exe -mode batch -source C:/Users/Karloz/Desktop/计组实验/Verilog/singlecycleCPU/singlecycleCPU.sim/sim_1/behav/xsim/xsim.dir/SingleCircleCPUTest_behav/webtalk/xsim_webtalk.tcl -notrace
# Log file: C:/Users/Karloz/Desktop/计组实验/Verilog/singlecycleCPU/singlecycleCPU.sim/sim_1/behav/xsim/webtalk.log
# Journal file: C:/Users/Karloz/Desktop/计组实验/Verilog/singlecycleCPU/singlecycleCPU.sim/sim_1/behav/xsim\webtalk.jou
#-----------------------------------------------------------
source C:/Users/Karloz/Desktop/计组实验/Verilog/singlecycleCPU/singlecycleCPU.sim/sim_1/behav/xsim/xsim.dir/SingleCircleCPUTest_behav/webtalk/xsim_webtalk.tcl -notrace
